// Jest Snapshot v1, https://goo.gl/fbAQLP

exports[`should not change 1`] = `
<DocumentFragment>
  <div
    class="edit-form undefined"
  >
    <h2
      class="edit-form-title"
    >
       Editing a task
    </h2>
    <form>
      <input
        class="edit-input"
        id="edit-task"
        type="text"
        value="wash car"
      />
      <div
        class="edit-buttons"
      >
        <button
          type="button"
        >
          Cancel
        </button>
        <button
          type="submit"
        >
          Save
        </button>
      </div>
    </form>
  </div>
</DocumentFragment>
`;
